     1 00000000                                 ; heribote-ipl
     2 00000000                                 ; TAB=4
     3 00000000                                 
     4  = 0000000A                              CYLS    EQU     10              ;どこまで読み込むか
     5                                                  ORG     0x7c00
     6 00007C00                                 
     7 00007C00                                 ; 以下は標準的なFAT12フォーマットフロッピーディスクのための記述
     8 00007C00                                 
     9 00007C00 EB 4A                                   JMP     entry
    10 00007C02 90                              		DB		0x90
    11 00007C03 48 41 52 49 42 4F 54 45         		DB		"HARIBOTE"		;ブートセクタの名前を自由に書いてよい（8バイト）
    12 00007C0B 0200                            		DW		512				;1セクタの大きさ（512にしなければいけない）
    13 00007C0D 01                              		DB		1				;クラスタの大きさ（1セクタにしなければいけない）
    14 00007C0E 0001                            		DW		1				;FATがどこから始まるか（普通は1セクタ目からにする）
    15 00007C10 02                              		DB		2				;FATの個数（2にしなければいけない）
    16 00007C11 00E0                            		DW		224				;ルートディレクトリ領域の大きさ（普通は224エントリにする）
    17 00007C13 0B40                            		DW		2880			;このドライブの大きさ（2880セクタにしなければいけない）
    18 00007C15 F0                              		DB		0xf0			;メディアのタイプ（0xf0にしなければいけない）
    19 00007C16 0009                            		DW		9				;FAT領域の長さ（9セクタにしなければいけない）
    20 00007C18 0012                            		DW		18				;1トラックにいくつのセクタがあるか（18にしなければいけない）
    21 00007C1A 0002                            		DW		2				;ヘッドの数（2にしなければいけない）
    22 00007C1C 00000000                        		DD		0				;パーティションを使ってないのでここは必ず0
    23 00007C20 00000B40                        		DD		2880			;このドライブ大きさをもう一度書く
    24 00007C24 00 00 29                        		DB		0,0,0x29		;よくわからないけどこの値にしておくといいらしい
    25 00007C27 FFFFFFFF                        		DD		0xffffffff		;たぶんボリュームシリアル番号
    26 00007C2B 48 41 52 49 42 4F 54 45 4F 53   		DB		"HARIBOTEOS"	;ディスクの名前（11バイト）
    27 00007C35 46 41 54 31 32                  		DB		"FAT12"		    ;フォーマットの名前（8バイト）
    28 00007C3A 00 00 00 00 00 00 00 00 00 00   		RESB	18				;とりあえず18バイトあけておく
       00007C44 00 00 00 00 00 00 00 00 
    29 00007C4C                                 
    30 00007C4C                                 ; プログラム本体
    31 00007C4C                                 
    32 00007C4C                                 entry:
    33 00007C4C B8 0000                         		MOV		AX,0			;レジスタ初期化
    34 00007C4F 8E D0                           		MOV		SS,AX
    35 00007C51 BC 7C00                         		MOV		SP,0x7c00
    36 00007C54 8E D8                           		MOV		DS,AX
    37 00007C56                                 
    38 00007C56                                 ;ディスクを読む
    39 00007C56                                 
    40 00007C56 B8 0820                                 MOV     AX,0x0820
    41 00007C59 8E C0                                   MOV     ES,AX
    42 00007C5B B5 00                                   MOV     CH,0            ;シリンダ0
    43 00007C5D B6 00                                   MOV     DH,0            ;ヘッド0
    44 00007C5F B1 02                                   MOV     CL,2            ;セクタ2
    45 00007C61                                 readloop:
    46 00007C61 BE 0000                                 MOV     SI,0            ;失敗回数を数えるレジスタ
    47 00007C64                                 retry:
    48 00007C64 B4 02                                   MOV     AH,0x02         ;AH=0x02 : ディスク読み込み
    49 00007C66 B0 01                                   MOV     AL,1            ;1セクタ
    50 00007C68 BB 0000                                 MOV     BX,0
    51 00007C6B B2 00                                   MOV     DL,0x00         ;Aドライブ
    52 00007C6D CD 13                                   INT     0x13            ;ディスクBIOS呼び出し
    53 00007C6F 73 10                                   JNC     next             ;エラーが起きなければfinへ
    54 00007C71 83 C6 01                                ADD     SI,1            ;SIに1を足す
    55 00007C74 83 FE 05                                CMP     SI,5            ;SIと5を比較
    56 00007C77 73 2E                                   JAE     error           ;SI >= 5 だったらerrorへ
    57 00007C79 B4 00                                   MOV     AH,0x00
    58 00007C7B B2 00                                   MOV     DL,0x00         ;Aドライブ
    59 00007C7D CD 13                                   INT     0x13            ;ドライブのリセット
    60 00007C7F EB E3                                   JMP     retry
    61 00007C81                                 next:
    62 00007C81 8C C0                                   MOV     AX,ES           ;アドレスを0x200進める
    63 00007C83 05 0020                                 ADD     AX,0x0020
    64 00007C86 8E C0                                   MOV     ES,AX           ;ADD ES,0x020という命令がないのでこうしている
    65 00007C88 80 C1 01                                ADD     CL,1            ;CLに1を足す
    66 00007C8B 80 F9 12                                CMP     CL,18           ;CLと18を比較
    67 00007C8E 76 D1                                   JBE     readloop        ;CL <= 18だったらreadloopへ
    68 00007C90 B1 01                                   MOV     CL,1
    69 00007C92 80 C6 01                                ADD     DH,1
    70 00007C95 80 FE 02                                CMP     DH,2
    71 00007C98 72 C7                                   JB      readloop        ;DH < 2だったらreadloopへ
    72 00007C9A B5 00                                   MOV     CH,0
    73 00007C9C 80 C5 01                                ADD     CH,1
    74 00007C9F 80 FD 0A                                CMP     CH,CYLS
    75 00007CA2 72 BD                                   JB      readloop        ;CH < CYLSだったらreadloopへ
    76 00007CA4                                 
    77 00007CA4 E9 4559                                 JMP     0xc200
    78 00007CA7                                 
    79 00007CA7                                 error:
    80 00007CA7 BE 7CBF                                 MOV     SI,msg
    81 00007CAA                                 putloop:
    82 00007CAA 8A 04                           		MOV		AL,[SI]
    83 00007CAC 83 C6 01                        		ADD		SI,1			;SIに1を足す
    84 00007CAF 3C 00                           		CMP		AL,0
    85 00007CB1 74 09                           		JE		fin
    86 00007CB3 B4 0E                           		MOV		AH,0x0e			;一文字表示ファンクション
    87 00007CB5 BB 000F                         		MOV		BX,15			;カラーコード
    88 00007CB8 CD 10                           		INT		0x10			;ビデオBIOS呼び出し
    89 00007CBA EB EE                           		JMP		putloop
    90 00007CBC                                 fin:
    91 00007CBC F4                              		HLT						;何かあるまでCPUを停止させる
    92 00007CBD EB FD                           		JMP		fin				;無限ループ
    93 00007CBF                                 msg:
    94 00007CBF 0A 0A                           		DB		0x0a, 0x0a		;改行を2つ
    95 00007CC1 6C 6F 61 64 20 65 72 72 6F 72   		DB		"load error"
    96 00007CCB 0A                              		DB		0x0a			;改行
    97 00007CCC 00                              		DB		0
    98 00007CCD                                 
    99 00007CCD 00 00 00 00 00 00 00 00 00 00   		RESB	0x7dfe-$		;0x7dfeまでを0x00で埋める命令
       00007CD7 00 00 00 00 00 00 00 00 00 00 
       00007CE1 00 00 00 00 00 00 00 00 00 00 
       00007CEB 00 00 00 00 00 00 00 00 00 00 
       00007CF5 00 00 00 00 00 00 00 00 00 00 
       00007CFF 00 00 00 00 00 00 00 00 00 00 
       00007D09 00 00 00 00 00 00 00 00 00 00 
       00007D13 00 00 00 00 00 00 00 00 00 00 
       00007D1D 00 00 00 00 00 00 00 00 00 00 
       00007D27 00 00 00 00 00 00 00 00 00 00 
       00007D31 00 00 00 00 00 00 00 00 00 00 
       00007D3B 00 00 00 00 00 00 00 00 00 00 
       00007D45 00 00 00 00 00 00 00 00 00 00 
       00007D4F 00 00 00 00 00 00 00 00 00 00 
       00007D59 00 00 00 00 00 00 00 00 00 00 
       00007D63 00 00 00 00 00 00 00 00 00 00 
       00007D6D 00 00 00 00 00 00 00 00 00 00 
       00007D77 00 00 00 00 00 00 00 00 00 00 
       00007D81 00 00 00 00 00 00 00 00 00 00 
       00007D8B 00 00 00 00 00 00 00 00 00 00 
       00007D95 00 00 00 00 00 00 00 00 00 00 
       00007D9F 00 00 00 00 00 00 00 00 00 00 
       00007DA9 00 00 00 00 00 00 00 00 00 00 
       00007DB3 00 00 00 00 00 00 00 00 00 00 
       00007DBD 00 00 00 00 00 00 00 00 00 00 
       00007DC7 00 00 00 00 00 00 00 00 00 00 
       00007DD1 00 00 00 00 00 00 00 00 00 00 
       00007DDB 00 00 00 00 00 00 00 00 00 00 
       00007DE5 00 00 00 00 00 00 00 00 00 00 
       00007DEF 00 00 00 00 00 00 00 00 00 00 
       00007DF9 00 00 00 00 00 
   100 00007DFE                                 
   101 00007DFE 55 AA                           		DB		0x55, 0xaa
   102 00007E00                                 
